../USB_DEVICE/App/usbd_cdc_if.c:204:15:CDC_Init	8	static
../USB_DEVICE/App/usbd_cdc_if.c:218:15:CDC_DeInit	4	static
../USB_DEVICE/App/usbd_cdc_if.c:232:15:CDC_Control	16	static
../USB_DEVICE/App/usbd_cdc_if.c:323:15:CDC_Receive	24	static,ignoring_inline_asm
../USB_DEVICE/App/usbd_cdc_if.c:353:9:CDC_Transmit	24	static
../USB_DEVICE/App/usbd_cdc_if.c:389:9:CDC_TransmitTimed	40	static
../USB_DEVICE/App/usbd_cdc_if.c:431:15:CDC_TransmitCplt	32	static,ignoring_inline_asm
../USB_DEVICE/App/usbd_cdc_if.c:456:6:CDC_ResumeTransmit	16	static
../USB_DEVICE/App/usbd_cdc_if.c:479:10:CDC_TXQueue_GetReadAvailable	4	static,ignoring_inline_asm
../USB_DEVICE/App/usbd_cdc_if.c:492:10:CDC_TXQueue_GetWriteAvailable	8	static
../USB_DEVICE/App/usbd_cdc_if.c:504:10:CDC_RXQueue_GetReadAvailable	4	static,ignoring_inline_asm
../USB_DEVICE/App/usbd_cdc_if.c:519:10:CDC_RXQueue_GetWriteAvailable	8	static
../USB_DEVICE/App/usbd_cdc_if.c:532:9:CDC_TXQueue_Enqueue	40	static,ignoring_inline_asm
../USB_DEVICE/App/usbd_cdc_if.c:568:9:CDC_RXQueue_Enqueue	40	static,ignoring_inline_asm
../USB_DEVICE/App/usbd_cdc_if.c:608:16:CDC_TXQueue_Dequeue	40	static,ignoring_inline_asm
../USB_DEVICE/App/usbd_cdc_if.c:649:10:CDC_RXQueue_Dequeue	48	static,ignoring_inline_asm
../USB_DEVICE/App/usbd_cdc_if.c:688:9:CDC_IsBusy	16	static
../USB_DEVICE/App/usbd_cdc_if.c:701:10:CDC_GetDroppedTxPackets	4	static,ignoring_inline_asm
../USB_DEVICE/App/usbd_cdc_if.c:713:10:CDC_GetDroppedRxPackets	4	static,ignoring_inline_asm
../USB_DEVICE/App/usbd_cdc_if.c:725:6:CDC_ResetDroppedTxPackets	4	static,ignoring_inline_asm
../USB_DEVICE/App/usbd_cdc_if.c:738:6:CDC_ResetDroppedRxPackets	4	static,ignoring_inline_asm
../USB_DEVICE/App/usbd_cdc_if.c:753:10:CDC_GetLastTransmitStartTick	4	static
../USB_DEVICE/App/usbd_cdc_if.c:765:10:CDC_GetLastTransmitCompleteTick	4	static,ignoring_inline_asm
../USB_DEVICE/App/usbd_cdc_if.c:783:9:CDC_IsComportOpen	4	static,ignoring_inline_asm
../USB_DEVICE/App/usbd_cdc_if.c:800:16:CDC_DataReceivedHandler	16	static
